Archive member included because of file (symbol)

/home/fanghuaqi/CodeSourcery/Sourcery_G++_Lite/bin/../lib/gcc/arm-none-eabi/4.4.1/libgcc.a(_udivsi3.o)
                              UsbHost/usbhost_fat.o (__aeabi_uidiv)
/home/fanghuaqi/CodeSourcery/Sourcery_G++_Lite/bin/../lib/gcc/arm-none-eabi/4.4.1/libgcc.a(_divsi3.o)
                              UsbHost/usbhost_fat.o (__aeabi_idiv)
/home/fanghuaqi/CodeSourcery/Sourcery_G++_Lite/bin/../lib/gcc/arm-none-eabi/4.4.1/libgcc.a(_dvmd_tls.o)
                              /home/fanghuaqi/CodeSourcery/Sourcery_G++_Lite/bin/../lib/gcc/arm-none-eabi/4.4.1/libgcc.a(_udivsi3.o) (__aeabi_idiv0)
/home/fanghuaqi/CodeSourcery/Sourcery_G++_Lite/bin/../lib/gcc/arm-none-eabi/4.4.1/../../../../arm-none-eabi/lib/libc.a(lib_a-vsprintf.o)
                              UsbHost/usbhost_uart.o (vsprintf)
/home/fanghuaqi/CodeSourcery/Sourcery_G++_Lite/bin/../lib/gcc/arm-none-eabi/4.4.1/../../../../arm-none-eabi/lib/libc.a(lib_a-impure.o)
                              /home/fanghuaqi/CodeSourcery/Sourcery_G++_Lite/bin/../lib/gcc/arm-none-eabi/4.4.1/../../../../arm-none-eabi/lib/libc.a(lib_a-vsprintf.o) (_impure_ptr)
/home/fanghuaqi/CodeSourcery/Sourcery_G++_Lite/bin/../lib/gcc/arm-none-eabi/4.4.1/../../../../arm-none-eabi/lib/libc.a(lib_a-svfprintf.o)
                              /home/fanghuaqi/CodeSourcery/Sourcery_G++_Lite/bin/../lib/gcc/arm-none-eabi/4.4.1/../../../../arm-none-eabi/lib/libc.a(lib_a-vsprintf.o) (_svfprintf_r)
/home/fanghuaqi/CodeSourcery/Sourcery_G++_Lite/bin/../lib/gcc/arm-none-eabi/4.4.1/../../../../arm-none-eabi/lib/libc.a(lib_a-dtoa.o)
                              /home/fanghuaqi/CodeSourcery/Sourcery_G++_Lite/bin/../lib/gcc/arm-none-eabi/4.4.1/../../../../arm-none-eabi/lib/libc.a(lib_a-svfprintf.o) (_dtoa_r)
/home/fanghuaqi/CodeSourcery/Sourcery_G++_Lite/bin/../lib/gcc/arm-none-eabi/4.4.1/../../../../arm-none-eabi/lib/libc.a(lib_a-freer.o)
                              /home/fanghuaqi/CodeSourcery/Sourcery_G++_Lite/bin/../lib/gcc/arm-none-eabi/4.4.1/../../../../arm-none-eabi/lib/libc.a(lib_a-svfprintf.o) (_free_r)
/home/fanghuaqi/CodeSourcery/Sourcery_G++_Lite/bin/../lib/gcc/arm-none-eabi/4.4.1/../../../../arm-none-eabi/lib/libc.a(lib_a-locale.o)
                              /home/fanghuaqi/CodeSourcery/Sourcery_G++_Lite/bin/../lib/gcc/arm-none-eabi/4.4.1/../../../../arm-none-eabi/lib/libc.a(lib_a-svfprintf.o) (_localeconv_r)
/home/fanghuaqi/CodeSourcery/Sourcery_G++_Lite/bin/../lib/gcc/arm-none-eabi/4.4.1/../../../../arm-none-eabi/lib/libc.a(lib_a-mallocr.o)
                              /home/fanghuaqi/CodeSourcery/Sourcery_G++_Lite/bin/../lib/gcc/arm-none-eabi/4.4.1/../../../../arm-none-eabi/lib/libc.a(lib_a-svfprintf.o) (_malloc_r)
/home/fanghuaqi/CodeSourcery/Sourcery_G++_Lite/bin/../lib/gcc/arm-none-eabi/4.4.1/../../../../arm-none-eabi/lib/libc.a(lib_a-memchr.o)
                              /home/fanghuaqi/CodeSourcery/Sourcery_G++_Lite/bin/../lib/gcc/arm-none-eabi/4.4.1/../../../../arm-none-eabi/lib/libc.a(lib_a-svfprintf.o) (memchr)
/home/fanghuaqi/CodeSourcery/Sourcery_G++_Lite/bin/../lib/gcc/arm-none-eabi/4.4.1/../../../../arm-none-eabi/lib/libc.a(lib_a-memcpy.o)
                              /home/fanghuaqi/CodeSourcery/Sourcery_G++_Lite/bin/../lib/gcc/arm-none-eabi/4.4.1/../../../../arm-none-eabi/lib/libc.a(lib_a-svfprintf.o) (memcpy)
/home/fanghuaqi/CodeSourcery/Sourcery_G++_Lite/bin/../lib/gcc/arm-none-eabi/4.4.1/../../../../arm-none-eabi/lib/libc.a(lib_a-memmove.o)
                              /home/fanghuaqi/CodeSourcery/Sourcery_G++_Lite/bin/../lib/gcc/arm-none-eabi/4.4.1/../../../../arm-none-eabi/lib/libc.a(lib_a-svfprintf.o) (memmove)
/home/fanghuaqi/CodeSourcery/Sourcery_G++_Lite/bin/../lib/gcc/arm-none-eabi/4.4.1/../../../../arm-none-eabi/lib/libc.a(lib_a-mlock.o)
                              /home/fanghuaqi/CodeSourcery/Sourcery_G++_Lite/bin/../lib/gcc/arm-none-eabi/4.4.1/../../../../arm-none-eabi/lib/libc.a(lib_a-freer.o) (__malloc_lock)
/home/fanghuaqi/CodeSourcery/Sourcery_G++_Lite/bin/../lib/gcc/arm-none-eabi/4.4.1/../../../../arm-none-eabi/lib/libc.a(lib_a-mprec.o)
                              /home/fanghuaqi/CodeSourcery/Sourcery_G++_Lite/bin/../lib/gcc/arm-none-eabi/4.4.1/../../../../arm-none-eabi/lib/libc.a(lib_a-dtoa.o) (_Bfree)
/home/fanghuaqi/CodeSourcery/Sourcery_G++_Lite/bin/../lib/gcc/arm-none-eabi/4.4.1/../../../../arm-none-eabi/lib/libc.a(lib_a-reallocr.o)
                              /home/fanghuaqi/CodeSourcery/Sourcery_G++_Lite/bin/../lib/gcc/arm-none-eabi/4.4.1/../../../../arm-none-eabi/lib/libc.a(lib_a-svfprintf.o) (_realloc_r)
/home/fanghuaqi/CodeSourcery/Sourcery_G++_Lite/bin/../lib/gcc/arm-none-eabi/4.4.1/../../../../arm-none-eabi/lib/libc.a(lib_a-s_isinfd.o)
                              /home/fanghuaqi/CodeSourcery/Sourcery_G++_Lite/bin/../lib/gcc/arm-none-eabi/4.4.1/../../../../arm-none-eabi/lib/libc.a(lib_a-svfprintf.o) (__isinfd)
/home/fanghuaqi/CodeSourcery/Sourcery_G++_Lite/bin/../lib/gcc/arm-none-eabi/4.4.1/../../../../arm-none-eabi/lib/libc.a(lib_a-s_isnand.o)
                              /home/fanghuaqi/CodeSourcery/Sourcery_G++_Lite/bin/../lib/gcc/arm-none-eabi/4.4.1/../../../../arm-none-eabi/lib/libc.a(lib_a-svfprintf.o) (__isnand)
/home/fanghuaqi/CodeSourcery/Sourcery_G++_Lite/bin/../lib/gcc/arm-none-eabi/4.4.1/../../../../arm-none-eabi/lib/libc.a(lib_a-sbrkr.o)
                              /home/fanghuaqi/CodeSourcery/Sourcery_G++_Lite/bin/../lib/gcc/arm-none-eabi/4.4.1/../../../../arm-none-eabi/lib/libc.a(lib_a-freer.o) (_sbrk_r)
/home/fanghuaqi/CodeSourcery/Sourcery_G++_Lite/bin/../lib/gcc/arm-none-eabi/4.4.1/../../../../arm-none-eabi/lib/libc.a(lib_a-strcmp.o)
                              /home/fanghuaqi/CodeSourcery/Sourcery_G++_Lite/bin/../lib/gcc/arm-none-eabi/4.4.1/../../../../arm-none-eabi/lib/libc.a(lib_a-locale.o) (strcmp)
/home/fanghuaqi/CodeSourcery/Sourcery_G++_Lite/bin/../lib/gcc/arm-none-eabi/4.4.1/../../../../arm-none-eabi/lib/libc.a(lib_a-strlen.o)
                              /home/fanghuaqi/CodeSourcery/Sourcery_G++_Lite/bin/../lib/gcc/arm-none-eabi/4.4.1/../../../../arm-none-eabi/lib/libc.a(lib_a-svfprintf.o) (strlen)
/home/fanghuaqi/CodeSourcery/Sourcery_G++_Lite/bin/../lib/gcc/arm-none-eabi/4.4.1/../../../../arm-none-eabi/lib/libc.a(lib_a-callocr.o)
                              /home/fanghuaqi/CodeSourcery/Sourcery_G++_Lite/bin/../lib/gcc/arm-none-eabi/4.4.1/../../../../arm-none-eabi/lib/libc.a(lib_a-mprec.o) (_calloc_r)
/home/fanghuaqi/CodeSourcery/Sourcery_G++_Lite/bin/../lib/gcc/arm-none-eabi/4.4.1/../../../../arm-none-eabi/lib/libc.a(lib_a-memset.o)
                              /home/fanghuaqi/CodeSourcery/Sourcery_G++_Lite/bin/../lib/gcc/arm-none-eabi/4.4.1/../../../../arm-none-eabi/lib/libc.a(lib_a-callocr.o) (memset)
/home/fanghuaqi/CodeSourcery/Sourcery_G++_Lite/bin/../lib/gcc/arm-none-eabi/4.4.1/../../../../arm-none-eabi/lib/libc.a(lib_a-reent.o)
                              /home/fanghuaqi/CodeSourcery/Sourcery_G++_Lite/bin/../lib/gcc/arm-none-eabi/4.4.1/../../../../arm-none-eabi/lib/libc.a(lib_a-sbrkr.o) (errno)
/home/fanghuaqi/CodeSourcery/Sourcery_G++_Lite/bin/../lib/gcc/arm-none-eabi/4.4.1/libgcc.a(_arm_addsubdf3.o)
                              /home/fanghuaqi/CodeSourcery/Sourcery_G++_Lite/bin/../lib/gcc/arm-none-eabi/4.4.1/../../../../arm-none-eabi/lib/libc.a(lib_a-dtoa.o) (__aeabi_dsub)
/home/fanghuaqi/CodeSourcery/Sourcery_G++_Lite/bin/../lib/gcc/arm-none-eabi/4.4.1/libgcc.a(_arm_muldivdf3.o)
                              /home/fanghuaqi/CodeSourcery/Sourcery_G++_Lite/bin/../lib/gcc/arm-none-eabi/4.4.1/../../../../arm-none-eabi/lib/libc.a(lib_a-dtoa.o) (__aeabi_dmul)
/home/fanghuaqi/CodeSourcery/Sourcery_G++_Lite/bin/../lib/gcc/arm-none-eabi/4.4.1/libgcc.a(_arm_cmpdf2.o)
                              /home/fanghuaqi/CodeSourcery/Sourcery_G++_Lite/bin/../lib/gcc/arm-none-eabi/4.4.1/../../../../arm-none-eabi/lib/libc.a(lib_a-svfprintf.o) (__aeabi_dcmpeq)
/home/fanghuaqi/CodeSourcery/Sourcery_G++_Lite/bin/../lib/gcc/arm-none-eabi/4.4.1/libgcc.a(_arm_fixdfsi.o)
                              /home/fanghuaqi/CodeSourcery/Sourcery_G++_Lite/bin/../lib/gcc/arm-none-eabi/4.4.1/../../../../arm-none-eabi/lib/libc.a(lib_a-dtoa.o) (__aeabi_d2iz)
/home/fanghuaqi/CodeSourcery/Sourcery_G++_Lite/bin/../lib/gcc/arm-none-eabi/4.4.1/libgcc.a(_aeabi_uldivmod.o)
                              /home/fanghuaqi/CodeSourcery/Sourcery_G++_Lite/bin/../lib/gcc/arm-none-eabi/4.4.1/../../../../arm-none-eabi/lib/libc.a(lib_a-svfprintf.o) (__aeabi_uldivmod)
/home/fanghuaqi/CodeSourcery/Sourcery_G++_Lite/bin/../lib/gcc/arm-none-eabi/4.4.1/libgcc.a(bpabi.o)
                              /home/fanghuaqi/CodeSourcery/Sourcery_G++_Lite/bin/../lib/gcc/arm-none-eabi/4.4.1/libgcc.a(_aeabi_uldivmod.o) (__gnu_uldivmod_helper)
/home/fanghuaqi/CodeSourcery/Sourcery_G++_Lite/bin/../lib/gcc/arm-none-eabi/4.4.1/libgcc.a(_divdi3.o)
                              /home/fanghuaqi/CodeSourcery/Sourcery_G++_Lite/bin/../lib/gcc/arm-none-eabi/4.4.1/libgcc.a(bpabi.o) (__divdi3)
/home/fanghuaqi/CodeSourcery/Sourcery_G++_Lite/bin/../lib/gcc/arm-none-eabi/4.4.1/libgcc.a(_udivdi3.o)
                              /home/fanghuaqi/CodeSourcery/Sourcery_G++_Lite/bin/../lib/gcc/arm-none-eabi/4.4.1/libgcc.a(bpabi.o) (__udivdi3)
/home/fanghuaqi/CodeSourcery/Sourcery_G++_Lite/bin/../lib/gcc/arm-none-eabi/4.4.1/libgcc.a(_clzsi2.o)
                              /home/fanghuaqi/CodeSourcery/Sourcery_G++_Lite/bin/../lib/gcc/arm-none-eabi/4.4.1/libgcc.a(_divdi3.o) (__clzsi2)

Allocating common symbols
Common symbol       size              file

TDBufNonVol         0x4               UsbHost/usbhost_lpc2468.o
errno               0x4               /home/fanghuaqi/CodeSourcery/Sourcery_G++_Lite/bin/../lib/gcc/arm-none-eabi/4.4.1/../../../../arm-none-eabi/lib/libc.a(lib_a-reent.o)
FATBuffer           0x4               UsbHost/usbhost_lpc2468.o
MS_BlkSize          0x4               UsbHost/usbhost_ms.o
Hcca                0x4               UsbHost/usbhost_lpc2468.o
TDTail              0x4               UsbHost/usbhost_lpc2468.o
EDBulkOut           0x4               UsbHost/usbhost_lpc2468.o
UserBuffer          0x4               UsbHost/usbhost_lpc2468.o
gUSBConnected       0x4               UsbHost/usbhost_lpc2468.o
TDBuffer            0x4               UsbHost/usbhost_lpc2468.o
EDBulkIn            0x4               UsbHost/usbhost_lpc2468.o
EDCtrl              0x4               UsbHost/usbhost_lpc2468.o
TDHead              0x4               UsbHost/usbhost_lpc2468.o

Memory Configuration

Name             Origin             Length             Attributes
SRAM             0x40000000         0x00010000
SDRAM            0xa0000000         0x02000000
*default*        0x00000000         0xffffffff

Linker script and memory map

LOAD target.o
LOAD UsbHost/LPC2478clk.o
LOAD UsbHost/LPC2478hw.o
LOAD UsbHost/lpc_i2c.o
LOAD UsbHost/mystring.o
LOAD UsbHost/usbhost_fat.o
LOAD UsbHost/usbhost_lpc2468.o
LOAD UsbHost/usbhost_main.o
LOAD UsbHost/usbhost_ms.o
LOAD UsbHost/usbhost_uart.o
LOAD start.o
LOAD /home/fanghuaqi/CodeSourcery/Sourcery_G++_Lite/bin/../lib/gcc/arm-none-eabi/4.4.1/libgcc.a
START GROUP
LOAD /home/fanghuaqi/CodeSourcery/Sourcery_G++_Lite/bin/../lib/gcc/arm-none-eabi/4.4.1/libgcc.a
LOAD /home/fanghuaqi/CodeSourcery/Sourcery_G++_Lite/bin/../lib/gcc/arm-none-eabi/4.4.1/../../../../arm-none-eabi/lib/libc.a
END GROUP
                0x00000000                PROVIDE (hardware_init_hook, 0x0)
                0x00000000                PROVIDE (software_init_hook, 0x0)
                0x00000000                PROVIDE (software_term_hook, 0x0)

.vector         0x40000000       0x3c
 *(.vector)
 .vector        0x40000000       0x3c start.o
                0x40000000                vector_table
                0x40000020                vector_ref_tbl

.text           0xa0000000     0xc84c
                0xa0000000                __text = .
 *(.text)
 .text          0xa0000000        0x0 target.o
 .text          0xa0000000      0x1a0 UsbHost/LPC2478clk.o
                0xa000003c                PLL_Init
                0xa0000178                USBClk_Init
 .text          0xa00001a0      0x208 UsbHost/LPC2478hw.o
                0xa00001a0                LED_Init
                0xa0000290                LED_Output
                0xa000031c                Delay_ms
 .text          0xa00003a8      0x338 UsbHost/lpc_i2c.o
                0xa00003a8                I2CInit
                0xa0000490                I2CReadByte
                0xa00005a8                I2CWriteByte
 .text          0xa00006e0      0x100 UsbHost/mystring.o
                0xa00006e0                MemCpy
                0xa0000770                _sbrk
 .text          0xa00007e0     0x1f68 UsbHost/usbhost_fat.o
                0xa00007e0                FAT_Init
                0xa0000b90                FAT_GetFATType
                0xa0000c38                FILE_Open
                0xa0000d8c                FAT_FindEntry
                0xa0000f14                FAT_GetSFN
                0xa0000fec                FAT_GetSfnName
                0xa00010a0                FAT_GetSfnExt
                0xa0001184                FAT_StrCaseCmp
                0xa0001274                FAT_ChkEntType
                0xa00012f0                FILE_Read
                0xa0001598                FAT_ClusRead
                0xa000189c                FILE_Write
                0xa0001b88                FAT_ClusWrite
                0xa0001ebc                FAT_GetNextClus
                0xa0001f98                FAT_GetFreeClus
                0xa00020a8                FAT_UpdateFAT
                0xa0002180                FAT_UpdateEntry
                0xa0002210                FAT_CreateEntry
                0xa0002290                FAT_GetFreeEntry
                0xa00023ac                FAT_PutSFN
                0xa00025e0                FILE_Close
                0xa00026e0                FAT_GetEndClus
 .text          0xa0002748     0x13b0 UsbHost/usbhost_lpc2468.o
                0xa0002748                Host_DelayMS
                0xa0002794                Host_DelayUS
                0xa00027dc                Host_Init
                0xa0002b88                Host_Isr
                0xa0002e04                Host_ProcessTD
                0xa0003054                Host_EnumDev
                0xa00033b8                Host_CtrlRecv
                0xa00034a8                Host_CtrlSend
                0xa0003598                Host_FillSetup
                0xa000367c                Host_TDInit
                0xa00036c8                Host_EDInit
                0xa0003714                Host_HCCAInit
                0xa000377c                Host_WDHWait
                0xa00037b0                ReadLE32U
                0xa000383c                WriteLE32U
                0xa00038b4                ReadLE16U
                0xa0003908                WriteLE16U
                0xa0003954                ReadBE32U
                0xa00039e0                WriteBE32U
                0xa0003a58                ReadBE16U
                0xa0003aac                WriteBE16U
 .text          0xa0003af8      0x350 UsbHost/usbhost_main.o
                0xa0003af8                main
                0xa0003b80                Main_Read
                0xa0003c28                Main_Write
                0xa0003d48                Main_Copy
 .text          0xa0003e48      0xe1c UsbHost/usbhost_ms.o
                0xa0003e48                MS_Init
                0xa0003f28                MS_ParseConfiguration
                0xa00041e8                MS_GetMaxLUN
                0xa000423c                MS_GetSenseInfo
                0xa0004358                MS_TestUnitReady
                0xa000443c                MS_ReadCapacity
                0xa00045b4                MS_Inquire
                0xa0004734                MS_BulkRecv
                0xa00048c8                MS_BulkSend
                0xa0004a08                Fill_MSCommand
 .text          0xa0004c64      0x290 UsbHost/usbhost_uart.o
                0xa0004c64                UART_Init
                0xa0004de0                UART_PrintChar
                0xa0004e2c                UART_PrintStr
                0xa0004eb0                UART_Printf
 .text          0xa0004ef4       0xf4 start.o
                0xa0004ef4                start
                0xa0004fb0                undef_handler
                0xa0004fb4                swi_handler
                0xa0004fb8                prefetch_handler
                0xa0004fbc                data_abort_handler
                0xa0004fc0                fiq_handler
                0xa0004fc4                irq_handler
 .text          0xa0004fe8      0x114 /home/fanghuaqi/CodeSourcery/Sourcery_G++_Lite/bin/../lib/gcc/arm-none-eabi/4.4.1/libgcc.a(_udivsi3.o)
                0xa0004fe8                __udivsi3
                0xa0004fe8                __aeabi_uidiv
                0xa00050dc                __aeabi_uidivmod
 .text          0xa00050fc      0x148 /home/fanghuaqi/CodeSourcery/Sourcery_G++_Lite/bin/../lib/gcc/arm-none-eabi/4.4.1/libgcc.a(_divsi3.o)
                0xa00050fc                __aeabi_idiv
                0xa00050fc                __divsi3
                0xa0005224                __aeabi_idivmod
 .text          0xa0005244        0x4 /home/fanghuaqi/CodeSourcery/Sourcery_G++_Lite/bin/../lib/gcc/arm-none-eabi/4.4.1/libgcc.a(_dvmd_tls.o)
                0xa0005244                __aeabi_ldiv0
                0xa0005244                __aeabi_idiv0
 .text          0xa0005248       0x7c /home/fanghuaqi/CodeSourcery/Sourcery_G++_Lite/bin/../lib/gcc/arm-none-eabi/4.4.1/../../../../arm-none-eabi/lib/libc.a(lib_a-vsprintf.o)
                0xa0005248                _vsprintf_r
                0xa0005298                vsprintf
 .text          0xa00052c4        0x0 /home/fanghuaqi/CodeSourcery/Sourcery_G++_Lite/bin/../lib/gcc/arm-none-eabi/4.4.1/../../../../arm-none-eabi/lib/libc.a(lib_a-impure.o)
 .text          0xa00052c4     0x2118 /home/fanghuaqi/CodeSourcery/Sourcery_G++_Lite/bin/../lib/gcc/arm-none-eabi/4.4.1/../../../../arm-none-eabi/lib/libc.a(lib_a-svfprintf.o)
                0xa000544c                _svfprintf_r
 *fill*         0xa00073dc        0x4 00
 .text          0xa00073e0     0x17e0 /home/fanghuaqi/CodeSourcery/Sourcery_G++_Lite/bin/../lib/gcc/arm-none-eabi/4.4.1/../../../../arm-none-eabi/lib/libc.a(lib_a-dtoa.o)
                0xa00075c8                _dtoa_r
 .text          0xa0008bc0      0x370 /home/fanghuaqi/CodeSourcery/Sourcery_G++_Lite/bin/../lib/gcc/arm-none-eabi/4.4.1/../../../../arm-none-eabi/lib/libc.a(lib_a-freer.o)
                0xa0008bc0                _malloc_trim_r
                0xa0008cbc                _free_r
 .text          0xa0008f30       0xa4 /home/fanghuaqi/CodeSourcery/Sourcery_G++_Lite/bin/../lib/gcc/arm-none-eabi/4.4.1/../../../../arm-none-eabi/lib/libc.a(lib_a-locale.o)
                0xa0008f30                __locale_charset
                0xa0008f40                _localeconv_r
                0xa0008f4c                localeconv
                0xa0008f58                _setlocale_r
                0xa0008fb8                setlocale
 .text          0xa0008fd4      0x71c /home/fanghuaqi/CodeSourcery/Sourcery_G++_Lite/bin/../lib/gcc/arm-none-eabi/4.4.1/../../../../arm-none-eabi/lib/libc.a(lib_a-mallocr.o)
                0xa0008fd4                _malloc_r
 .text          0xa00096f0       0xd4 /home/fanghuaqi/CodeSourcery/Sourcery_G++_Lite/bin/../lib/gcc/arm-none-eabi/4.4.1/../../../../arm-none-eabi/lib/libc.a(lib_a-memchr.o)
                0xa00096f0                memchr
 .text          0xa00097c4      0x204 /home/fanghuaqi/CodeSourcery/Sourcery_G++_Lite/bin/../lib/gcc/arm-none-eabi/4.4.1/../../../../arm-none-eabi/lib/libc.a(lib_a-memcpy.o)
                0xa00097c4                memcpy
 .text          0xa00099c8      0x134 /home/fanghuaqi/CodeSourcery/Sourcery_G++_Lite/bin/../lib/gcc/arm-none-eabi/4.4.1/../../../../arm-none-eabi/lib/libc.a(lib_a-memmove.o)
                0xa00099c8                memmove
 .text          0xa0009afc        0x8 /home/fanghuaqi/CodeSourcery/Sourcery_G++_Lite/bin/../lib/gcc/arm-none-eabi/4.4.1/../../../../arm-none-eabi/lib/libc.a(lib_a-mlock.o)
                0xa0009afc                __malloc_lock
                0xa0009b00                __malloc_unlock
 .text          0xa0009b04      0xd98 /home/fanghuaqi/CodeSourcery/Sourcery_G++_Lite/bin/../lib/gcc/arm-none-eabi/4.4.1/../../../../arm-none-eabi/lib/libc.a(lib_a-mprec.o)
                0xa0009b04                _Bfree
                0xa0009b20                __hi0bits
                0xa0009b78                __lo0bits
                0xa0009c0c                __mcmp
                0xa0009c74                __ulp
                0xa0009cd4                __b2d
                0xa0009d98                __ratio
                0xa0009e3c                _mprec_log10
                0xa0009e8c                __copybits
                0xa0009f08                __any_on
                0xa0009f90                _Balloc
                0xa000a018                __d2b
                0xa000a128                __mdiff
                0xa000a2a8                __lshift
                0xa000a3bc                __multiply
                0xa000a5b0                __i2b
                0xa000a5d4                __multadd
                0xa000a6b8                __pow5mult
                0xa000a7b4                __s2b
 .text          0xa000a89c      0x4f4 /home/fanghuaqi/CodeSourcery/Sourcery_G++_Lite/bin/../lib/gcc/arm-none-eabi/4.4.1/../../../../arm-none-eabi/lib/libc.a(lib_a-reallocr.o)
                0xa000a89c                _realloc_r
 .text          0xa000ad90       0x30 /home/fanghuaqi/CodeSourcery/Sourcery_G++_Lite/bin/../lib/gcc/arm-none-eabi/4.4.1/../../../../arm-none-eabi/lib/libc.a(lib_a-s_isinfd.o)
                0xa000ad90                __isinfd
 .text          0xa000adc0       0x30 /home/fanghuaqi/CodeSourcery/Sourcery_G++_Lite/bin/../lib/gcc/arm-none-eabi/4.4.1/../../../../arm-none-eabi/lib/libc.a(lib_a-s_isnand.o)
                0xa000adc0                __isnand
 .text          0xa000adf0       0x40 /home/fanghuaqi/CodeSourcery/Sourcery_G++_Lite/bin/../lib/gcc/arm-none-eabi/4.4.1/../../../../arm-none-eabi/lib/libc.a(lib_a-sbrkr.o)
                0xa000adf0                _sbrk_r
 .text          0xa000ae30      0x230 /home/fanghuaqi/CodeSourcery/Sourcery_G++_Lite/bin/../lib/gcc/arm-none-eabi/4.4.1/../../../../arm-none-eabi/lib/libc.a(lib_a-strcmp.o)
                0xa000ae30                strcmp
 .text          0xa000b060       0x60 /home/fanghuaqi/CodeSourcery/Sourcery_G++_Lite/bin/../lib/gcc/arm-none-eabi/4.4.1/../../../../arm-none-eabi/lib/libc.a(lib_a-strlen.o)
                0xa000b060                strlen
 .text          0xa000b0c0       0x9c /home/fanghuaqi/CodeSourcery/Sourcery_G++_Lite/bin/../lib/gcc/arm-none-eabi/4.4.1/../../../../arm-none-eabi/lib/libc.a(lib_a-callocr.o)
                0xa000b0c0                _calloc_r
 .text          0xa000b15c      0x12c /home/fanghuaqi/CodeSourcery/Sourcery_G++_Lite/bin/../lib/gcc/arm-none-eabi/4.4.1/../../../../arm-none-eabi/lib/libc.a(lib_a-memset.o)
                0xa000b15c                memset
 .text          0xa000b288      0x194 /home/fanghuaqi/CodeSourcery/Sourcery_G++_Lite/bin/../lib/gcc/arm-none-eabi/4.4.1/../../../../arm-none-eabi/lib/libc.a(lib_a-reent.o)
                0xa000b288                _wrapup_reent
                0xa000b2f8                cleanup_glue
                0xa000b324                _reclaim_reent
 .text          0xa000b41c      0x41c /home/fanghuaqi/CodeSourcery/Sourcery_G++_Lite/bin/../lib/gcc/arm-none-eabi/4.4.1/libgcc.a(_arm_addsubdf3.o)
                0xa000b41c                __aeabi_drsub
                0xa000b424                __aeabi_dsub
                0xa000b424                __subdf3
                0xa000b428                __adddf3
                0xa000b428                __aeabi_dadd
                0xa000b738                __aeabi_ui2d
                0xa000b738                __floatunsidf
                0xa000b75c                __floatsidf
                0xa000b75c                __aeabi_i2d
                0xa000b784                __extendsfdf2
                0xa000b784                __aeabi_f2d
                0xa000b7c4                __aeabi_ul2d
                0xa000b7c4                __floatundidf
                0xa000b7d8                __floatdidf
                0xa000b7d8                __aeabi_l2d
 .text          0xa000b838      0x49c /home/fanghuaqi/CodeSourcery/Sourcery_G++_Lite/bin/../lib/gcc/arm-none-eabi/4.4.1/libgcc.a(_arm_muldivdf3.o)
                0xa000b838                __aeabi_dmul
                0xa000b838                __muldf3
                0xa000bac8                __aeabi_ddiv
                0xa000bac8                __divdf3
 .text          0xa000bcd4      0x144 /home/fanghuaqi/CodeSourcery/Sourcery_G++_Lite/bin/../lib/gcc/arm-none-eabi/4.4.1/libgcc.a(_arm_cmpdf2.o)
                0xa000bcd4                __gtdf2
                0xa000bcd4                __gedf2
                0xa000bcdc                __ltdf2
                0xa000bcdc                __ledf2
                0xa000bce4                __cmpdf2
                0xa000bce4                __eqdf2
                0xa000bce4                __nedf2
                0xa000bd6c                __aeabi_cdrcmple
                0xa000bd88                __aeabi_cdcmple
                0xa000bd88                __aeabi_cdcmpeq
                0xa000bda0                __aeabi_dcmpeq
                0xa000bdb8                __aeabi_dcmplt
                0xa000bdd0                __aeabi_dcmple
                0xa000bde8                __aeabi_dcmpge
                0xa000be00                __aeabi_dcmpgt
 .text          0xa000be18       0x5c /home/fanghuaqi/CodeSourcery/Sourcery_G++_Lite/bin/../lib/gcc/arm-none-eabi/4.4.1/libgcc.a(_arm_fixdfsi.o)
                0xa000be18                __fixdfsi
                0xa000be18                __aeabi_d2iz
 .text          0xa000be74       0x3c /home/fanghuaqi/CodeSourcery/Sourcery_G++_Lite/bin/../lib/gcc/arm-none-eabi/4.4.1/libgcc.a(_aeabi_uldivmod.o)
                0xa000be74                __aeabi_uldivmod
 .text          0xa000beb0       0x88 /home/fanghuaqi/CodeSourcery/Sourcery_G++_Lite/bin/../lib/gcc/arm-none-eabi/4.4.1/libgcc.a(bpabi.o)
                0xa000beb0                __gnu_uldivmod_helper
                0xa000bef4                __gnu_ldivmod_helper
 .text          0xa000bf38      0x490 /home/fanghuaqi/CodeSourcery/Sourcery_G++_Lite/bin/../lib/gcc/arm-none-eabi/4.4.1/libgcc.a(_divdi3.o)
                0xa000bf38                __divdi3
 .text          0xa000c3c8      0x43c /home/fanghuaqi/CodeSourcery/Sourcery_G++_Lite/bin/../lib/gcc/arm-none-eabi/4.4.1/libgcc.a(_udivdi3.o)
                0xa000c3c8                __udivdi3
 .text          0xa000c804       0x48 /home/fanghuaqi/CodeSourcery/Sourcery_G++_Lite/bin/../lib/gcc/arm-none-eabi/4.4.1/libgcc.a(_clzsi2.o)
                0xa000c804                __clzsi2
                0xa000c84c                _etext = .
                0xa000c84c                PROVIDE (etext, .)

.glue_7         0xa000c84c        0x0
 .glue_7        0x00000000        0x0 linker stubs

.glue_7t        0xa000c84c        0x0
 .glue_7t       0x00000000        0x0 linker stubs

.vfp11_veneer   0xa000c84c        0x0
 .vfp11_veneer  0x00000000        0x0 linker stubs

.v4_bx          0xa000c84c        0x0
 .v4_bx         0x00000000        0x0 linker stubs

.rodata         0xa000c850      0x420
 *(.rodata)
 .rodata        0xa000c850        0x4 target.o
                0xa000c850                p_intstack
 .rodata        0xa000c854       0x30 UsbHost/usbhost_fat.o
 .rodata        0xa000c884       0xe0 UsbHost/usbhost_lpc2468.o
 .rodata        0xa000c964       0xbc UsbHost/usbhost_main.o
 .rodata        0xa000ca20       0x68 UsbHost/usbhost_ms.o
 .rodata        0xa000ca88        0x4 /home/fanghuaqi/CodeSourcery/Sourcery_G++_Lite/bin/../lib/gcc/arm-none-eabi/4.4.1/../../../../arm-none-eabi/lib/libc.a(lib_a-impure.o)
                0xa000ca88                _global_impure_ptr
 .rodata        0xa000ca8c       0x20 /home/fanghuaqi/CodeSourcery/Sourcery_G++_Lite/bin/../lib/gcc/arm-none-eabi/4.4.1/../../../../arm-none-eabi/lib/libc.a(lib_a-svfprintf.o)
 .rodata        0xa000caac       0x34 /home/fanghuaqi/CodeSourcery/Sourcery_G++_Lite/bin/../lib/gcc/arm-none-eabi/4.4.1/../../../../arm-none-eabi/lib/libc.a(lib_a-locale.o)
 .rodata        0xa000cae0      0x128 /home/fanghuaqi/CodeSourcery/Sourcery_G++_Lite/bin/../lib/gcc/arm-none-eabi/4.4.1/../../../../arm-none-eabi/lib/libc.a(lib_a-mprec.o)
                0xa000cae0                __mprec_tens
                0xa000cbb8                __mprec_bigtens
                0xa000cbe0                __mprec_tinytens
 *(.rodata.*)
 .rodata.str1.4
                0xa000cc08        0x2 /home/fanghuaqi/CodeSourcery/Sourcery_G++_Lite/bin/../lib/gcc/arm-none-eabi/4.4.1/../../../../arm-none-eabi/lib/libc.a(lib_a-impure.o)
                                  0x4 (size before relaxing)
 *fill*         0xa000cc0a        0x2 00
 .rodata.str1.4
                0xa000cc0c       0x42 /home/fanghuaqi/CodeSourcery/Sourcery_G++_Lite/bin/../lib/gcc/arm-none-eabi/4.4.1/../../../../arm-none-eabi/lib/libc.a(lib_a-svfprintf.o)
                                 0x44 (size before relaxing)
 *fill*         0xa000cc4e        0x2 00
 .rodata.str1.4
                0xa000cc50       0x10 /home/fanghuaqi/CodeSourcery/Sourcery_G++_Lite/bin/../lib/gcc/arm-none-eabi/4.4.1/../../../../arm-none-eabi/lib/libc.a(lib_a-dtoa.o)
                                 0x14 (size before relaxing)
 .rodata.str1.4
                0xa000cc60       0x10 /home/fanghuaqi/CodeSourcery/Sourcery_G++_Lite/bin/../lib/gcc/arm-none-eabi/4.4.1/../../../../arm-none-eabi/lib/libc.a(lib_a-locale.o)
                                 0x18 (size before relaxing)

.ARM.extab      0xa000cc70        0x0
 .ARM.extab     0xa000cc70        0x0 /home/fanghuaqi/CodeSourcery/Sourcery_G++_Lite/bin/../lib/gcc/arm-none-eabi/4.4.1/libgcc.a(_divdi3.o)
 .ARM.extab     0xa000cc70        0x0 /home/fanghuaqi/CodeSourcery/Sourcery_G++_Lite/bin/../lib/gcc/arm-none-eabi/4.4.1/libgcc.a(_udivdi3.o)

.ARM.exidx      0xa000cc70        0x8
 .ARM.exidx     0xa000cc70        0x8 /home/fanghuaqi/CodeSourcery/Sourcery_G++_Lite/bin/../lib/gcc/arm-none-eabi/4.4.1/libgcc.a(_divdi3.o)
 .ARM.exidx     0xa000cc78        0x0 /home/fanghuaqi/CodeSourcery/Sourcery_G++_Lite/bin/../lib/gcc/arm-none-eabi/4.4.1/libgcc.a(_udivdi3.o)
                                  0x8 (size before relaxing)
                0xa000cc78                . = ALIGN (0x4)
                0xa000cc78                __idata_start = .

.data           0xa000cc78      0x858
                0xa000cc78                __data_start = .
 *(.data)
 .data          0xa000cc78        0x0 target.o
 .data          0xa000cc78        0x0 UsbHost/LPC2478clk.o
 .data          0xa000cc78        0x0 UsbHost/LPC2478hw.o
 .data          0xa000cc78        0x0 UsbHost/lpc_i2c.o
 .data          0xa000cc78        0x0 UsbHost/mystring.o
 .data          0xa000cc78        0x0 UsbHost/usbhost_fat.o
 .data          0xa000cc78        0x0 UsbHost/usbhost_lpc2468.o
 .data          0xa000cc78        0x4 UsbHost/usbhost_main.o
                0xa000cc78                Hello
 .data          0xa000cc7c        0x0 UsbHost/usbhost_ms.o
 .data          0xa000cc7c        0x0 UsbHost/usbhost_uart.o
 .data          0xa000cc7c        0x0 start.o
 .data          0xa000cc7c        0x0 /home/fanghuaqi/CodeSourcery/Sourcery_G++_Lite/bin/../lib/gcc/arm-none-eabi/4.4.1/libgcc.a(_udivsi3.o)
 .data          0xa000cc7c        0x0 /home/fanghuaqi/CodeSourcery/Sourcery_G++_Lite/bin/../lib/gcc/arm-none-eabi/4.4.1/libgcc.a(_divsi3.o)
 .data          0xa000cc7c        0x0 /home/fanghuaqi/CodeSourcery/Sourcery_G++_Lite/bin/../lib/gcc/arm-none-eabi/4.4.1/libgcc.a(_dvmd_tls.o)
 .data          0xa000cc7c        0x0 /home/fanghuaqi/CodeSourcery/Sourcery_G++_Lite/bin/../lib/gcc/arm-none-eabi/4.4.1/../../../../arm-none-eabi/lib/libc.a(lib_a-vsprintf.o)
 *fill*         0xa000cc7c        0x4 00
 .data          0xa000cc80      0x430 /home/fanghuaqi/CodeSourcery/Sourcery_G++_Lite/bin/../lib/gcc/arm-none-eabi/4.4.1/../../../../arm-none-eabi/lib/libc.a(lib_a-impure.o)
                0xa000cc80                _impure_ptr
 .data          0xa000d0b0        0x0 /home/fanghuaqi/CodeSourcery/Sourcery_G++_Lite/bin/../lib/gcc/arm-none-eabi/4.4.1/../../../../arm-none-eabi/lib/libc.a(lib_a-svfprintf.o)
 .data          0xa000d0b0        0x0 /home/fanghuaqi/CodeSourcery/Sourcery_G++_Lite/bin/../lib/gcc/arm-none-eabi/4.4.1/../../../../arm-none-eabi/lib/libc.a(lib_a-dtoa.o)
 .data          0xa000d0b0        0x0 /home/fanghuaqi/CodeSourcery/Sourcery_G++_Lite/bin/../lib/gcc/arm-none-eabi/4.4.1/../../../../arm-none-eabi/lib/libc.a(lib_a-freer.o)
 .data          0xa000d0b0       0x10 /home/fanghuaqi/CodeSourcery/Sourcery_G++_Lite/bin/../lib/gcc/arm-none-eabi/4.4.1/../../../../arm-none-eabi/lib/libc.a(lib_a-locale.o)
                0xa000d0b0                __mb_cur_max
                0xa000d0b4                __lc_ctype
 .data          0xa000d0c0      0x410 /home/fanghuaqi/CodeSourcery/Sourcery_G++_Lite/bin/../lib/gcc/arm-none-eabi/4.4.1/../../../../arm-none-eabi/lib/libc.a(lib_a-mallocr.o)
                0xa000d0c0                __malloc_av_
                0xa000d4c8                __malloc_sbrk_base
                0xa000d4cc                __malloc_trim_threshold
 .data          0xa000d4d0        0x0 /home/fanghuaqi/CodeSourcery/Sourcery_G++_Lite/bin/../lib/gcc/arm-none-eabi/4.4.1/../../../../arm-none-eabi/lib/libc.a(lib_a-memchr.o)
 .data          0xa000d4d0        0x0 /home/fanghuaqi/CodeSourcery/Sourcery_G++_Lite/bin/../lib/gcc/arm-none-eabi/4.4.1/../../../../arm-none-eabi/lib/libc.a(lib_a-memcpy.o)
 .data          0xa000d4d0        0x0 /home/fanghuaqi/CodeSourcery/Sourcery_G++_Lite/bin/../lib/gcc/arm-none-eabi/4.4.1/../../../../arm-none-eabi/lib/libc.a(lib_a-memmove.o)
 .data          0xa000d4d0        0x0 /home/fanghuaqi/CodeSourcery/Sourcery_G++_Lite/bin/../lib/gcc/arm-none-eabi/4.4.1/../../../../arm-none-eabi/lib/libc.a(lib_a-mlock.o)
 .data          0xa000d4d0        0x0 /home/fanghuaqi/CodeSourcery/Sourcery_G++_Lite/bin/../lib/gcc/arm-none-eabi/4.4.1/../../../../arm-none-eabi/lib/libc.a(lib_a-mprec.o)
 .data          0xa000d4d0        0x0 /home/fanghuaqi/CodeSourcery/Sourcery_G++_Lite/bin/../lib/gcc/arm-none-eabi/4.4.1/../../../../arm-none-eabi/lib/libc.a(lib_a-reallocr.o)
 .data          0xa000d4d0        0x0 /home/fanghuaqi/CodeSourcery/Sourcery_G++_Lite/bin/../lib/gcc/arm-none-eabi/4.4.1/../../../../arm-none-eabi/lib/libc.a(lib_a-s_isinfd.o)
 .data          0xa000d4d0        0x0 /home/fanghuaqi/CodeSourcery/Sourcery_G++_Lite/bin/../lib/gcc/arm-none-eabi/4.4.1/../../../../arm-none-eabi/lib/libc.a(lib_a-s_isnand.o)
 .data          0xa000d4d0        0x0 /home/fanghuaqi/CodeSourcery/Sourcery_G++_Lite/bin/../lib/gcc/arm-none-eabi/4.4.1/../../../../arm-none-eabi/lib/libc.a(lib_a-sbrkr.o)
 .data          0xa000d4d0        0x0 /home/fanghuaqi/CodeSourcery/Sourcery_G++_Lite/bin/../lib/gcc/arm-none-eabi/4.4.1/../../../../arm-none-eabi/lib/libc.a(lib_a-strcmp.o)
 .data          0xa000d4d0        0x0 /home/fanghuaqi/CodeSourcery/Sourcery_G++_Lite/bin/../lib/gcc/arm-none-eabi/4.4.1/../../../../arm-none-eabi/lib/libc.a(lib_a-strlen.o)
 .data          0xa000d4d0        0x0 /home/fanghuaqi/CodeSourcery/Sourcery_G++_Lite/bin/../lib/gcc/arm-none-eabi/4.4.1/../../../../arm-none-eabi/lib/libc.a(lib_a-callocr.o)
 .data          0xa000d4d0        0x0 /home/fanghuaqi/CodeSourcery/Sourcery_G++_Lite/bin/../lib/gcc/arm-none-eabi/4.4.1/../../../../arm-none-eabi/lib/libc.a(lib_a-memset.o)
 .data          0xa000d4d0        0x0 /home/fanghuaqi/CodeSourcery/Sourcery_G++_Lite/bin/../lib/gcc/arm-none-eabi/4.4.1/../../../../arm-none-eabi/lib/libc.a(lib_a-reent.o)
 .data          0xa000d4d0        0x0 /home/fanghuaqi/CodeSourcery/Sourcery_G++_Lite/bin/../lib/gcc/arm-none-eabi/4.4.1/libgcc.a(_arm_addsubdf3.o)
 .data          0xa000d4d0        0x0 /home/fanghuaqi/CodeSourcery/Sourcery_G++_Lite/bin/../lib/gcc/arm-none-eabi/4.4.1/libgcc.a(_arm_muldivdf3.o)
 .data          0xa000d4d0        0x0 /home/fanghuaqi/CodeSourcery/Sourcery_G++_Lite/bin/../lib/gcc/arm-none-eabi/4.4.1/libgcc.a(_arm_cmpdf2.o)
 .data          0xa000d4d0        0x0 /home/fanghuaqi/CodeSourcery/Sourcery_G++_Lite/bin/../lib/gcc/arm-none-eabi/4.4.1/libgcc.a(_arm_fixdfsi.o)
 .data          0xa000d4d0        0x0 /home/fanghuaqi/CodeSourcery/Sourcery_G++_Lite/bin/../lib/gcc/arm-none-eabi/4.4.1/libgcc.a(_aeabi_uldivmod.o)
 .data          0xa000d4d0        0x0 /home/fanghuaqi/CodeSourcery/Sourcery_G++_Lite/bin/../lib/gcc/arm-none-eabi/4.4.1/libgcc.a(bpabi.o)
 .data          0xa000d4d0        0x0 /home/fanghuaqi/CodeSourcery/Sourcery_G++_Lite/bin/../lib/gcc/arm-none-eabi/4.4.1/libgcc.a(_divdi3.o)
 .data          0xa000d4d0        0x0 /home/fanghuaqi/CodeSourcery/Sourcery_G++_Lite/bin/../lib/gcc/arm-none-eabi/4.4.1/libgcc.a(_udivdi3.o)
 .data          0xa000d4d0        0x0 /home/fanghuaqi/CodeSourcery/Sourcery_G++_Lite/bin/../lib/gcc/arm-none-eabi/4.4.1/libgcc.a(_clzsi2.o)
                0xa000d4d0                . = ALIGN (0x4)
                0xa000d4d0                __idata_end = (__idata_start + SIZEOF (.data))
                0xa000d4d0                _edata = .
                0xa000d4d0                PROVIDE (edata, .)
                0xa000d4d0                . = ALIGN (0x4)

.bss            0xa000d4d0    0x2810c
                0xa000d4d0                __bss_start = .
 *(.bss)
 .bss           0xa000d4d0    0x28000 target.o
 .bss           0xa00354d0        0x0 UsbHost/LPC2478clk.o
 .bss           0xa00354d0        0x0 UsbHost/LPC2478hw.o
 .bss           0xa00354d0        0x0 UsbHost/lpc_i2c.o
 .bss           0xa00354d0        0x4 UsbHost/mystring.o
 .bss           0xa00354d4       0x58 UsbHost/usbhost_fat.o
 .bss           0xa003552c        0xc UsbHost/usbhost_lpc2468.o
                0xa003552c                HOST_RhscIntr
                0xa0035530                HOST_WdhIntr
                0xa0035534                HOST_TDControlStatus
 .bss           0xa0035538        0x0 UsbHost/usbhost_main.o
 .bss           0xa0035538        0x4 UsbHost/usbhost_ms.o
 .bss           0xa003553c       0x2c UsbHost/usbhost_uart.o
 .bss           0xa0035568        0x0 start.o
 .bss           0xa0035568        0x0 /home/fanghuaqi/CodeSourcery/Sourcery_G++_Lite/bin/../lib/gcc/arm-none-eabi/4.4.1/libgcc.a(_udivsi3.o)
 .bss           0xa0035568        0x0 /home/fanghuaqi/CodeSourcery/Sourcery_G++_Lite/bin/../lib/gcc/arm-none-eabi/4.4.1/libgcc.a(_divsi3.o)
 .bss           0xa0035568        0x0 /home/fanghuaqi/CodeSourcery/Sourcery_G++_Lite/bin/../lib/gcc/arm-none-eabi/4.4.1/libgcc.a(_dvmd_tls.o)
 .bss           0xa0035568        0x0 /home/fanghuaqi/CodeSourcery/Sourcery_G++_Lite/bin/../lib/gcc/arm-none-eabi/4.4.1/../../../../arm-none-eabi/lib/libc.a(lib_a-vsprintf.o)
 .bss           0xa0035568        0x0 /home/fanghuaqi/CodeSourcery/Sourcery_G++_Lite/bin/../lib/gcc/arm-none-eabi/4.4.1/../../../../arm-none-eabi/lib/libc.a(lib_a-impure.o)
 .bss           0xa0035568        0x0 /home/fanghuaqi/CodeSourcery/Sourcery_G++_Lite/bin/../lib/gcc/arm-none-eabi/4.4.1/../../../../arm-none-eabi/lib/libc.a(lib_a-svfprintf.o)
 .bss           0xa0035568        0x0 /home/fanghuaqi/CodeSourcery/Sourcery_G++_Lite/bin/../lib/gcc/arm-none-eabi/4.4.1/../../../../arm-none-eabi/lib/libc.a(lib_a-dtoa.o)
 .bss           0xa0035568        0x0 /home/fanghuaqi/CodeSourcery/Sourcery_G++_Lite/bin/../lib/gcc/arm-none-eabi/4.4.1/../../../../arm-none-eabi/lib/libc.a(lib_a-freer.o)
 .bss           0xa0035568        0xc /home/fanghuaqi/CodeSourcery/Sourcery_G++_Lite/bin/../lib/gcc/arm-none-eabi/4.4.1/../../../../arm-none-eabi/lib/libc.a(lib_a-locale.o)
                0xa0035568                __nlocale_changed
                0xa003556c                __mlocale_changed
                0xa0035570                _PathLocale
 .bss           0xa0035574       0x34 /home/fanghuaqi/CodeSourcery/Sourcery_G++_Lite/bin/../lib/gcc/arm-none-eabi/4.4.1/../../../../arm-none-eabi/lib/libc.a(lib_a-mallocr.o)
                0xa0035574                __malloc_top_pad
                0xa0035578                __malloc_current_mallinfo
                0xa00355a0                __malloc_max_sbrked_mem
                0xa00355a4                __malloc_max_total_mem
 .bss           0xa00355a8        0x0 /home/fanghuaqi/CodeSourcery/Sourcery_G++_Lite/bin/../lib/gcc/arm-none-eabi/4.4.1/../../../../arm-none-eabi/lib/libc.a(lib_a-memchr.o)
 .bss           0xa00355a8        0x0 /home/fanghuaqi/CodeSourcery/Sourcery_G++_Lite/bin/../lib/gcc/arm-none-eabi/4.4.1/../../../../arm-none-eabi/lib/libc.a(lib_a-memcpy.o)
 .bss           0xa00355a8        0x0 /home/fanghuaqi/CodeSourcery/Sourcery_G++_Lite/bin/../lib/gcc/arm-none-eabi/4.4.1/../../../../arm-none-eabi/lib/libc.a(lib_a-memmove.o)
 .bss           0xa00355a8        0x0 /home/fanghuaqi/CodeSourcery/Sourcery_G++_Lite/bin/../lib/gcc/arm-none-eabi/4.4.1/../../../../arm-none-eabi/lib/libc.a(lib_a-mlock.o)
 .bss           0xa00355a8        0x0 /home/fanghuaqi/CodeSourcery/Sourcery_G++_Lite/bin/../lib/gcc/arm-none-eabi/4.4.1/../../../../arm-none-eabi/lib/libc.a(lib_a-mprec.o)
 .bss           0xa00355a8        0x0 /home/fanghuaqi/CodeSourcery/Sourcery_G++_Lite/bin/../lib/gcc/arm-none-eabi/4.4.1/../../../../arm-none-eabi/lib/libc.a(lib_a-reallocr.o)
 .bss           0xa00355a8        0x0 /home/fanghuaqi/CodeSourcery/Sourcery_G++_Lite/bin/../lib/gcc/arm-none-eabi/4.4.1/../../../../arm-none-eabi/lib/libc.a(lib_a-s_isinfd.o)
 .bss           0xa00355a8        0x0 /home/fanghuaqi/CodeSourcery/Sourcery_G++_Lite/bin/../lib/gcc/arm-none-eabi/4.4.1/../../../../arm-none-eabi/lib/libc.a(lib_a-s_isnand.o)
 .bss           0xa00355a8        0x0 /home/fanghuaqi/CodeSourcery/Sourcery_G++_Lite/bin/../lib/gcc/arm-none-eabi/4.4.1/../../../../arm-none-eabi/lib/libc.a(lib_a-sbrkr.o)
 .bss           0xa00355a8        0x0 /home/fanghuaqi/CodeSourcery/Sourcery_G++_Lite/bin/../lib/gcc/arm-none-eabi/4.4.1/../../../../arm-none-eabi/lib/libc.a(lib_a-strcmp.o)
 .bss           0xa00355a8        0x0 /home/fanghuaqi/CodeSourcery/Sourcery_G++_Lite/bin/../lib/gcc/arm-none-eabi/4.4.1/../../../../arm-none-eabi/lib/libc.a(lib_a-strlen.o)
 .bss           0xa00355a8        0x0 /home/fanghuaqi/CodeSourcery/Sourcery_G++_Lite/bin/../lib/gcc/arm-none-eabi/4.4.1/../../../../arm-none-eabi/lib/libc.a(lib_a-callocr.o)
 .bss           0xa00355a8        0x0 /home/fanghuaqi/CodeSourcery/Sourcery_G++_Lite/bin/../lib/gcc/arm-none-eabi/4.4.1/../../../../arm-none-eabi/lib/libc.a(lib_a-memset.o)
 .bss           0xa00355a8        0x0 /home/fanghuaqi/CodeSourcery/Sourcery_G++_Lite/bin/../lib/gcc/arm-none-eabi/4.4.1/../../../../arm-none-eabi/lib/libc.a(lib_a-reent.o)
 .bss           0xa00355a8        0x0 /home/fanghuaqi/CodeSourcery/Sourcery_G++_Lite/bin/../lib/gcc/arm-none-eabi/4.4.1/libgcc.a(_arm_addsubdf3.o)
 .bss           0xa00355a8        0x0 /home/fanghuaqi/CodeSourcery/Sourcery_G++_Lite/bin/../lib/gcc/arm-none-eabi/4.4.1/libgcc.a(_arm_muldivdf3.o)
 .bss           0xa00355a8        0x0 /home/fanghuaqi/CodeSourcery/Sourcery_G++_Lite/bin/../lib/gcc/arm-none-eabi/4.4.1/libgcc.a(_arm_cmpdf2.o)
 .bss           0xa00355a8        0x0 /home/fanghuaqi/CodeSourcery/Sourcery_G++_Lite/bin/../lib/gcc/arm-none-eabi/4.4.1/libgcc.a(_arm_fixdfsi.o)
 .bss           0xa00355a8        0x0 /home/fanghuaqi/CodeSourcery/Sourcery_G++_Lite/bin/../lib/gcc/arm-none-eabi/4.4.1/libgcc.a(_aeabi_uldivmod.o)
 .bss           0xa00355a8        0x0 /home/fanghuaqi/CodeSourcery/Sourcery_G++_Lite/bin/../lib/gcc/arm-none-eabi/4.4.1/libgcc.a(bpabi.o)
 .bss           0xa00355a8        0x0 /home/fanghuaqi/CodeSourcery/Sourcery_G++_Lite/bin/../lib/gcc/arm-none-eabi/4.4.1/libgcc.a(_divdi3.o)
 .bss           0xa00355a8        0x0 /home/fanghuaqi/CodeSourcery/Sourcery_G++_Lite/bin/../lib/gcc/arm-none-eabi/4.4.1/libgcc.a(_udivdi3.o)
 .bss           0xa00355a8        0x0 /home/fanghuaqi/CodeSourcery/Sourcery_G++_Lite/bin/../lib/gcc/arm-none-eabi/4.4.1/libgcc.a(_clzsi2.o)
 *(COMMON)
 COMMON         0xa00355a8       0x2c UsbHost/usbhost_lpc2468.o
                0xa00355a8                TDBufNonVol
                0xa00355ac                FATBuffer
                0xa00355b0                Hcca
                0xa00355b4                TDTail
                0xa00355b8                EDBulkOut
                0xa00355bc                UserBuffer
                0xa00355c0                gUSBConnected
                0xa00355c4                TDBuffer
                0xa00355c8                EDBulkIn
                0xa00355cc                EDCtrl
                0xa00355d0                TDHead
 COMMON         0xa00355d4        0x4 UsbHost/usbhost_ms.o
                0xa00355d4                MS_BlkSize
 COMMON         0xa00355d8        0x4 /home/fanghuaqi/CodeSourcery/Sourcery_G++_Lite/bin/../lib/gcc/arm-none-eabi/4.4.1/../../../../arm-none-eabi/lib/libc.a(lib_a-reent.o)
                0xa00355d8                errno
                0xa00355dc                __bss_end = .
                0xa00355dc                . = ALIGN (0x4)
                0xa00355dc                _end = .
                0xa00355dc                PROVIDE (end, .)

.ARM.attributes
                0x00000000       0x30
 .ARM.attributes
                0x00000000       0x32 target.o
 .ARM.attributes
                0x00000032       0x32 UsbHost/LPC2478clk.o
 .ARM.attributes
                0x00000064       0x32 UsbHost/LPC2478hw.o
 .ARM.attributes
                0x00000096       0x32 UsbHost/lpc_i2c.o
 .ARM.attributes
                0x000000c8       0x32 UsbHost/mystring.o
 .ARM.attributes
                0x000000fa       0x32 UsbHost/usbhost_fat.o
 .ARM.attributes
                0x0000012c       0x32 UsbHost/usbhost_lpc2468.o
 .ARM.attributes
                0x0000015e       0x32 UsbHost/usbhost_main.o
 .ARM.attributes
                0x00000190       0x32 UsbHost/usbhost_ms.o
 .ARM.attributes
                0x000001c2       0x32 UsbHost/usbhost_uart.o
 .ARM.attributes
                0x000001f4       0x16 start.o
 .ARM.attributes
                0x0000020a       0x1a /home/fanghuaqi/CodeSourcery/Sourcery_G++_Lite/bin/../lib/gcc/arm-none-eabi/4.4.1/libgcc.a(_udivsi3.o)
 .ARM.attributes
                0x00000224       0x1a /home/fanghuaqi/CodeSourcery/Sourcery_G++_Lite/bin/../lib/gcc/arm-none-eabi/4.4.1/libgcc.a(_divsi3.o)
 .ARM.attributes
                0x0000023e       0x18 /home/fanghuaqi/CodeSourcery/Sourcery_G++_Lite/bin/../lib/gcc/arm-none-eabi/4.4.1/libgcc.a(_dvmd_tls.o)
 .ARM.attributes
                0x00000256       0x32 /home/fanghuaqi/CodeSourcery/Sourcery_G++_Lite/bin/../lib/gcc/arm-none-eabi/4.4.1/../../../../arm-none-eabi/lib/libc.a(lib_a-vsprintf.o)
 .ARM.attributes
                0x00000288       0x32 /home/fanghuaqi/CodeSourcery/Sourcery_G++_Lite/bin/../lib/gcc/arm-none-eabi/4.4.1/../../../../arm-none-eabi/lib/libc.a(lib_a-impure.o)
 .ARM.attributes
                0x000002ba       0x32 /home/fanghuaqi/CodeSourcery/Sourcery_G++_Lite/bin/../lib/gcc/arm-none-eabi/4.4.1/../../../../arm-none-eabi/lib/libc.a(lib_a-svfprintf.o)
 .ARM.attributes
                0x000002ec       0x32 /home/fanghuaqi/CodeSourcery/Sourcery_G++_Lite/bin/../lib/gcc/arm-none-eabi/4.4.1/../../../../arm-none-eabi/lib/libc.a(lib_a-dtoa.o)
 .ARM.attributes
                0x0000031e       0x32 /home/fanghuaqi/CodeSourcery/Sourcery_G++_Lite/bin/../lib/gcc/arm-none-eabi/4.4.1/../../../../arm-none-eabi/lib/libc.a(lib_a-freer.o)
 .ARM.attributes
                0x00000350       0x32 /home/fanghuaqi/CodeSourcery/Sourcery_G++_Lite/bin/../lib/gcc/arm-none-eabi/4.4.1/../../../../arm-none-eabi/lib/libc.a(lib_a-locale.o)
 .ARM.attributes
                0x00000382       0x32 /home/fanghuaqi/CodeSourcery/Sourcery_G++_Lite/bin/../lib/gcc/arm-none-eabi/4.4.1/../../../../arm-none-eabi/lib/libc.a(lib_a-mallocr.o)
 .ARM.attributes
                0x000003b4       0x32 /home/fanghuaqi/CodeSourcery/Sourcery_G++_Lite/bin/../lib/gcc/arm-none-eabi/4.4.1/../../../../arm-none-eabi/lib/libc.a(lib_a-memchr.o)
 .ARM.attributes
                0x000003e6       0x32 /home/fanghuaqi/CodeSourcery/Sourcery_G++_Lite/bin/../lib/gcc/arm-none-eabi/4.4.1/../../../../arm-none-eabi/lib/libc.a(lib_a-memcpy.o)
 .ARM.attributes
                0x00000418       0x32 /home/fanghuaqi/CodeSourcery/Sourcery_G++_Lite/bin/../lib/gcc/arm-none-eabi/4.4.1/../../../../arm-none-eabi/lib/libc.a(lib_a-memmove.o)
 .ARM.attributes
                0x0000044a       0x32 /home/fanghuaqi/CodeSourcery/Sourcery_G++_Lite/bin/../lib/gcc/arm-none-eabi/4.4.1/../../../../arm-none-eabi/lib/libc.a(lib_a-mlock.o)
 .ARM.attributes
                0x0000047c       0x32 /home/fanghuaqi/CodeSourcery/Sourcery_G++_Lite/bin/../lib/gcc/arm-none-eabi/4.4.1/../../../../arm-none-eabi/lib/libc.a(lib_a-mprec.o)
 .ARM.attributes
                0x000004ae       0x32 /home/fanghuaqi/CodeSourcery/Sourcery_G++_Lite/bin/../lib/gcc/arm-none-eabi/4.4.1/../../../../arm-none-eabi/lib/libc.a(lib_a-reallocr.o)
 .ARM.attributes
                0x000004e0       0x32 /home/fanghuaqi/CodeSourcery/Sourcery_G++_Lite/bin/../lib/gcc/arm-none-eabi/4.4.1/../../../../arm-none-eabi/lib/libc.a(lib_a-s_isinfd.o)
 .ARM.attributes
                0x00000512       0x32 /home/fanghuaqi/CodeSourcery/Sourcery_G++_Lite/bin/../lib/gcc/arm-none-eabi/4.4.1/../../../../arm-none-eabi/lib/libc.a(lib_a-s_isnand.o)
 .ARM.attributes
                0x00000544       0x32 /home/fanghuaqi/CodeSourcery/Sourcery_G++_Lite/bin/../lib/gcc/arm-none-eabi/4.4.1/../../../../arm-none-eabi/lib/libc.a(lib_a-sbrkr.o)
 .ARM.attributes
                0x00000576       0x32 /home/fanghuaqi/CodeSourcery/Sourcery_G++_Lite/bin/../lib/gcc/arm-none-eabi/4.4.1/../../../../arm-none-eabi/lib/libc.a(lib_a-strcmp.o)
 .ARM.attributes
                0x000005a8       0x32 /home/fanghuaqi/CodeSourcery/Sourcery_G++_Lite/bin/../lib/gcc/arm-none-eabi/4.4.1/../../../../arm-none-eabi/lib/libc.a(lib_a-strlen.o)
 .ARM.attributes
                0x000005da       0x32 /home/fanghuaqi/CodeSourcery/Sourcery_G++_Lite/bin/../lib/gcc/arm-none-eabi/4.4.1/../../../../arm-none-eabi/lib/libc.a(lib_a-callocr.o)
 .ARM.attributes
                0x0000060c       0x32 /home/fanghuaqi/CodeSourcery/Sourcery_G++_Lite/bin/../lib/gcc/arm-none-eabi/4.4.1/../../../../arm-none-eabi/lib/libc.a(lib_a-memset.o)
 .ARM.attributes
                0x0000063e       0x32 /home/fanghuaqi/CodeSourcery/Sourcery_G++_Lite/bin/../lib/gcc/arm-none-eabi/4.4.1/../../../../arm-none-eabi/lib/libc.a(lib_a-reent.o)
 .ARM.attributes
                0x00000670       0x1a /home/fanghuaqi/CodeSourcery/Sourcery_G++_Lite/bin/../lib/gcc/arm-none-eabi/4.4.1/libgcc.a(_arm_addsubdf3.o)
 .ARM.attributes
                0x0000068a       0x1a /home/fanghuaqi/CodeSourcery/Sourcery_G++_Lite/bin/../lib/gcc/arm-none-eabi/4.4.1/libgcc.a(_arm_muldivdf3.o)
 .ARM.attributes
                0x000006a4       0x1a /home/fanghuaqi/CodeSourcery/Sourcery_G++_Lite/bin/../lib/gcc/arm-none-eabi/4.4.1/libgcc.a(_arm_cmpdf2.o)
 .ARM.attributes
                0x000006be       0x1a /home/fanghuaqi/CodeSourcery/Sourcery_G++_Lite/bin/../lib/gcc/arm-none-eabi/4.4.1/libgcc.a(_arm_fixdfsi.o)
 .ARM.attributes
                0x000006d8       0x1a /home/fanghuaqi/CodeSourcery/Sourcery_G++_Lite/bin/../lib/gcc/arm-none-eabi/4.4.1/libgcc.a(_aeabi_uldivmod.o)
 .ARM.attributes
                0x000006f2       0x32 /home/fanghuaqi/CodeSourcery/Sourcery_G++_Lite/bin/../lib/gcc/arm-none-eabi/4.4.1/libgcc.a(bpabi.o)
 .ARM.attributes
                0x00000724       0x32 /home/fanghuaqi/CodeSourcery/Sourcery_G++_Lite/bin/../lib/gcc/arm-none-eabi/4.4.1/libgcc.a(_divdi3.o)
 .ARM.attributes
                0x00000756       0x32 /home/fanghuaqi/CodeSourcery/Sourcery_G++_Lite/bin/../lib/gcc/arm-none-eabi/4.4.1/libgcc.a(_udivdi3.o)
 .ARM.attributes
                0x00000788       0x1a /home/fanghuaqi/CodeSourcery/Sourcery_G++_Lite/bin/../lib/gcc/arm-none-eabi/4.4.1/libgcc.a(_clzsi2.o)

.comment        0x00000000      0x1ae
 *(.comment)
 .comment       0x00000000       0x2b target.o
 .comment       0x0000002b       0x2b UsbHost/LPC2478clk.o
 .comment       0x00000056       0x2b UsbHost/LPC2478hw.o
 .comment       0x00000081       0x2b UsbHost/lpc_i2c.o
 .comment       0x000000ac       0x2b UsbHost/mystring.o
 .comment       0x000000d7       0x2b UsbHost/usbhost_fat.o
 .comment       0x00000102       0x2b UsbHost/usbhost_lpc2468.o
 .comment       0x0000012d       0x2b UsbHost/usbhost_main.o
 .comment       0x00000158       0x2b UsbHost/usbhost_ms.o
 .comment       0x00000183       0x2b UsbHost/usbhost_uart.o

.debug
 *(.debug)

.line
 *(.line)

.debug_srcinfo
 *(.debug_srcinfo)

.debug_sfnames
 *(.debug_sfnames)

.debug_aranges  0x00000000      0x120
 *(.debug_aranges)
 .debug_aranges
                0x00000000       0x20 UsbHost/LPC2478clk.o
 .debug_aranges
                0x00000020       0x20 UsbHost/LPC2478hw.o
 .debug_aranges
                0x00000040       0x20 UsbHost/lpc_i2c.o
 .debug_aranges
                0x00000060       0x20 UsbHost/mystring.o
 .debug_aranges
                0x00000080       0x20 UsbHost/usbhost_fat.o
 .debug_aranges
                0x000000a0       0x20 UsbHost/usbhost_lpc2468.o
 .debug_aranges
                0x000000c0       0x20 UsbHost/usbhost_main.o
 .debug_aranges
                0x000000e0       0x20 UsbHost/usbhost_ms.o
 .debug_aranges
                0x00000100       0x20 UsbHost/usbhost_uart.o

.debug_pubnames
                0x00000000      0x62f
 *(.debug_pubnames)
 .debug_pubnames
                0x00000000       0x21 target.o
 .debug_pubnames
                0x00000021       0x2f UsbHost/LPC2478clk.o
 .debug_pubnames
                0x00000050       0x3b UsbHost/LPC2478hw.o
 .debug_pubnames
                0x0000008b       0x3f UsbHost/lpc_i2c.o
 .debug_pubnames
                0x000000ca       0x27 UsbHost/mystring.o
 .debug_pubnames
                0x000000f1      0x194 UsbHost/usbhost_fat.o
 .debug_pubnames
                0x00000285      0x22e UsbHost/usbhost_lpc2468.o
 .debug_pubnames
                0x000004b3       0x50 UsbHost/usbhost_main.o
 .debug_pubnames
                0x00000503       0xd7 UsbHost/usbhost_ms.o
 .debug_pubnames
                0x000005da       0x55 UsbHost/usbhost_uart.o

.debug_info     0x00000000     0x2067
 *(.debug_info)
 .debug_info    0x00000000       0x6f target.o
 .debug_info    0x0000006f       0xb4 UsbHost/LPC2478clk.o
 .debug_info    0x00000123      0x103 UsbHost/LPC2478hw.o
 .debug_info    0x00000226      0x11e UsbHost/lpc_i2c.o
 .debug_info    0x00000344      0x150 UsbHost/mystring.o
 .debug_info    0x00000494      0xad0 UsbHost/usbhost_fat.o
 .debug_info    0x00000f64      0x890 UsbHost/usbhost_lpc2468.o
 .debug_info    0x000017f4      0x211 UsbHost/usbhost_main.o
 .debug_info    0x00001a05      0x4c7 UsbHost/usbhost_ms.o
 .debug_info    0x00001ecc      0x19b UsbHost/usbhost_uart.o

.debug_abbrev   0x00000000      0x890
 *(.debug_abbrev)
 .debug_abbrev  0x00000000       0x6a target.o
 .debug_abbrev  0x0000006a       0x5b UsbHost/LPC2478clk.o
 .debug_abbrev  0x000000c5       0x93 UsbHost/LPC2478hw.o
 .debug_abbrev  0x00000158       0x9f UsbHost/lpc_i2c.o
 .debug_abbrev  0x000001f7       0xb5 UsbHost/mystring.o
 .debug_abbrev  0x000002ac      0x157 UsbHost/usbhost_fat.o
 .debug_abbrev  0x00000403      0x179 UsbHost/usbhost_lpc2468.o
 .debug_abbrev  0x0000057c       0xe2 UsbHost/usbhost_main.o
 .debug_abbrev  0x0000065e      0x171 UsbHost/usbhost_ms.o
 .debug_abbrev  0x000007cf       0xc1 UsbHost/usbhost_uart.o

.debug_line     0x00000000      0x8fc
 *(.debug_line)
 .debug_line    0x00000000       0x29 target.o
 .debug_line    0x00000029       0x5f UsbHost/LPC2478clk.o
 .debug_line    0x00000088       0x5c UsbHost/LPC2478hw.o
 .debug_line    0x000000e4       0x72 UsbHost/lpc_i2c.o
 .debug_line    0x00000156       0x50 UsbHost/mystring.o
 .debug_line    0x000001a6      0x29b UsbHost/usbhost_fat.o
 .debug_line    0x00000441      0x1bf UsbHost/usbhost_lpc2468.o
 .debug_line    0x00000600       0xae UsbHost/usbhost_main.o
 .debug_line    0x000006ae      0x166 UsbHost/usbhost_ms.o
 .debug_line    0x00000814       0xe8 UsbHost/usbhost_uart.o

.debug_frame    0x00000000      0xfd8
 *(.debug_frame)
 .debug_frame   0x00000000       0x5c UsbHost/LPC2478clk.o
 .debug_frame   0x0000005c       0x58 UsbHost/LPC2478hw.o
 .debug_frame   0x000000b4       0x58 UsbHost/lpc_i2c.o
 .debug_frame   0x0000010c       0x40 UsbHost/mystring.o
 .debug_frame   0x0000014c      0x274 UsbHost/usbhost_fat.o
 .debug_frame   0x000003c0      0x234 UsbHost/usbhost_lpc2468.o
 .debug_frame   0x000005f4       0x80 UsbHost/usbhost_main.o
 .debug_frame   0x00000674      0x12c UsbHost/usbhost_ms.o
 .debug_frame   0x000007a0       0x88 UsbHost/usbhost_uart.o
 .debug_frame   0x00000828       0x20 /home/fanghuaqi/CodeSourcery/Sourcery_G++_Lite/bin/../lib/gcc/arm-none-eabi/4.4.1/libgcc.a(_udivsi3.o)
 .debug_frame   0x00000848       0x20 /home/fanghuaqi/CodeSourcery/Sourcery_G++_Lite/bin/../lib/gcc/arm-none-eabi/4.4.1/libgcc.a(_divsi3.o)
 .debug_frame   0x00000868       0x44 /home/fanghuaqi/CodeSourcery/Sourcery_G++_Lite/bin/../lib/gcc/arm-none-eabi/4.4.1/../../../../arm-none-eabi/lib/libc.a(lib_a-vsprintf.o)
 .debug_frame   0x000008ac       0x68 /home/fanghuaqi/CodeSourcery/Sourcery_G++_Lite/bin/../lib/gcc/arm-none-eabi/4.4.1/../../../../arm-none-eabi/lib/libc.a(lib_a-svfprintf.o)
 .debug_frame   0x00000914       0x64 /home/fanghuaqi/CodeSourcery/Sourcery_G++_Lite/bin/../lib/gcc/arm-none-eabi/4.4.1/../../../../arm-none-eabi/lib/libc.a(lib_a-dtoa.o)
 .debug_frame   0x00000978       0x50 /home/fanghuaqi/CodeSourcery/Sourcery_G++_Lite/bin/../lib/gcc/arm-none-eabi/4.4.1/../../../../arm-none-eabi/lib/libc.a(lib_a-freer.o)
 .debug_frame   0x000009c8       0x6c /home/fanghuaqi/CodeSourcery/Sourcery_G++_Lite/bin/../lib/gcc/arm-none-eabi/4.4.1/../../../../arm-none-eabi/lib/libc.a(lib_a-locale.o)
 .debug_frame   0x00000a34       0x3c /home/fanghuaqi/CodeSourcery/Sourcery_G++_Lite/bin/../lib/gcc/arm-none-eabi/4.4.1/../../../../arm-none-eabi/lib/libc.a(lib_a-mallocr.o)
 .debug_frame   0x00000a70       0x28 /home/fanghuaqi/CodeSourcery/Sourcery_G++_Lite/bin/../lib/gcc/arm-none-eabi/4.4.1/../../../../arm-none-eabi/lib/libc.a(lib_a-memchr.o)
 .debug_frame   0x00000a98       0x34 /home/fanghuaqi/CodeSourcery/Sourcery_G++_Lite/bin/../lib/gcc/arm-none-eabi/4.4.1/../../../../arm-none-eabi/lib/libc.a(lib_a-memcpy.o)
 .debug_frame   0x00000acc       0x2c /home/fanghuaqi/CodeSourcery/Sourcery_G++_Lite/bin/../lib/gcc/arm-none-eabi/4.4.1/../../../../arm-none-eabi/lib/libc.a(lib_a-memmove.o)
 .debug_frame   0x00000af8       0x30 /home/fanghuaqi/CodeSourcery/Sourcery_G++_Lite/bin/../lib/gcc/arm-none-eabi/4.4.1/../../../../arm-none-eabi/lib/libc.a(lib_a-mlock.o)
 .debug_frame   0x00000b28      0x228 /home/fanghuaqi/CodeSourcery/Sourcery_G++_Lite/bin/../lib/gcc/arm-none-eabi/4.4.1/../../../../arm-none-eabi/lib/libc.a(lib_a-mprec.o)
 .debug_frame   0x00000d50       0x3c /home/fanghuaqi/CodeSourcery/Sourcery_G++_Lite/bin/../lib/gcc/arm-none-eabi/4.4.1/../../../../arm-none-eabi/lib/libc.a(lib_a-reallocr.o)
 .debug_frame   0x00000d8c       0x20 /home/fanghuaqi/CodeSourcery/Sourcery_G++_Lite/bin/../lib/gcc/arm-none-eabi/4.4.1/../../../../arm-none-eabi/lib/libc.a(lib_a-s_isinfd.o)
 .debug_frame   0x00000dac       0x28 /home/fanghuaqi/CodeSourcery/Sourcery_G++_Lite/bin/../lib/gcc/arm-none-eabi/4.4.1/../../../../arm-none-eabi/lib/libc.a(lib_a-s_isnand.o)
 .debug_frame   0x00000dd4       0x2c /home/fanghuaqi/CodeSourcery/Sourcery_G++_Lite/bin/../lib/gcc/arm-none-eabi/4.4.1/../../../../arm-none-eabi/lib/libc.a(lib_a-sbrkr.o)
 .debug_frame   0x00000e00       0x30 /home/fanghuaqi/CodeSourcery/Sourcery_G++_Lite/bin/../lib/gcc/arm-none-eabi/4.4.1/../../../../arm-none-eabi/lib/libc.a(lib_a-strcmp.o)
 .debug_frame   0x00000e30       0x20 /home/fanghuaqi/CodeSourcery/Sourcery_G++_Lite/bin/../lib/gcc/arm-none-eabi/4.4.1/../../../../arm-none-eabi/lib/libc.a(lib_a-strlen.o)
 .debug_frame   0x00000e50       0x28 /home/fanghuaqi/CodeSourcery/Sourcery_G++_Lite/bin/../lib/gcc/arm-none-eabi/4.4.1/../../../../arm-none-eabi/lib/libc.a(lib_a-callocr.o)
 .debug_frame   0x00000e78       0x28 /home/fanghuaqi/CodeSourcery/Sourcery_G++_Lite/bin/../lib/gcc/arm-none-eabi/4.4.1/../../../../arm-none-eabi/lib/libc.a(lib_a-memset.o)
 .debug_frame   0x00000ea0       0x68 /home/fanghuaqi/CodeSourcery/Sourcery_G++_Lite/bin/../lib/gcc/arm-none-eabi/4.4.1/../../../../arm-none-eabi/lib/libc.a(lib_a-reent.o)
 .debug_frame   0x00000f08       0x58 /home/fanghuaqi/CodeSourcery/Sourcery_G++_Lite/bin/../lib/gcc/arm-none-eabi/4.4.1/libgcc.a(bpabi.o)
 .debug_frame   0x00000f60       0x3c /home/fanghuaqi/CodeSourcery/Sourcery_G++_Lite/bin/../lib/gcc/arm-none-eabi/4.4.1/libgcc.a(_divdi3.o)
 .debug_frame   0x00000f9c       0x3c /home/fanghuaqi/CodeSourcery/Sourcery_G++_Lite/bin/../lib/gcc/arm-none-eabi/4.4.1/libgcc.a(_udivdi3.o)

.debug_str      0x00000000      0xa6f
 *(.debug_str)
 .debug_str     0x00000000       0x61 target.o
                                 0x77 (size before relaxing)
 .debug_str     0x00000061       0x83 UsbHost/LPC2478clk.o
                                0x109 (size before relaxing)
 .debug_str     0x000000e4       0x3a UsbHost/LPC2478hw.o
                                0x110 (size before relaxing)
 .debug_str     0x0000011e       0x40 UsbHost/lpc_i2c.o
                                0x116 (size before relaxing)
 .debug_str     0x0000015e       0x3e UsbHost/mystring.o
                                0x122 (size before relaxing)
 .debug_str     0x0000019c      0x3e1 UsbHost/usbhost_fat.o
                                0x51b (size before relaxing)
 .debug_str     0x0000057d      0x28f UsbHost/usbhost_lpc2468.o
                                0x3af (size before relaxing)
 .debug_str     0x0000080c       0x65 UsbHost/usbhost_main.o
                                0x192 (size before relaxing)
 .debug_str     0x00000871      0x17b UsbHost/usbhost_ms.o
                                0x2e9 (size before relaxing)
 .debug_str     0x000009ec       0x83 UsbHost/usbhost_uart.o
                                0x17e (size before relaxing)

.debug_loc      0x00000000      0xc24
 *(.debug_loc)
 .debug_loc     0x00000000       0x81 UsbHost/LPC2478clk.o
 .debug_loc     0x00000081       0x81 UsbHost/LPC2478hw.o
 .debug_loc     0x00000102       0x81 UsbHost/lpc_i2c.o
 .debug_loc     0x00000183       0x56 UsbHost/mystring.o
 .debug_loc     0x000001d9      0x3b2 UsbHost/usbhost_fat.o
 .debug_loc     0x0000058b      0x387 UsbHost/usbhost_lpc2468.o
 .debug_loc     0x00000912       0xac UsbHost/usbhost_main.o
 .debug_loc     0x000009be      0x1ae UsbHost/usbhost_ms.o
 .debug_loc     0x00000b6c       0xb8 UsbHost/usbhost_uart.o

.debug_macinfo
 *(.debug_macinfo)

.debug_weaknames
 *(.debug_weaknames)

.debug_funcnames
 *(.debug_funcnames)

.debug_typenames
 *(.debug_typenames)

.debug_varnames
 *(.debug_varnames)
OUTPUT(usbhost.elf elf32-littlearm)
